AR mc8051_tmrctr rtl "C:/Documents and Settings/lester/Escritorio/OOOOOOO/memor_work/timer.vhd" sub00/vhpl13 1701493815
AR ram ram_a "C:/Documents and Settings/lester/Escritorio/OOOOOOO/memor_work/ipcore_dir/ram.vhd" sub00/vhpl05 1701493806
AR bootloader behavioral "C:/Documents and Settings/lester/Escritorio/OOOOOOO/memor_work/bootloader.vhd" sub00/vhpl11 1701493813
EN boot NULL "C:/Documents and Settings/lester/Escritorio/OOOOOOO/memor_work/boot.vhd" sub00/vhpl02 1701493803
EN mc8051_tmrctr NULL "C:/Documents and Settings/lester/Escritorio/OOOOOOO/memor_work/timer.vhd" sub00/vhpl06 1701493814
AR mem_work behavioral "C:/Documents and Settings/lester/Escritorio/OOOOOOO/memor_work/mem_work.vhd" sub00/vhpl09 1701493809
EN edgedetector NULL "C:/Documents and Settings/lester/Escritorio/OOOOOOO/memor_work/EdgeDetector.vhd" sub00/vhpl00 1701493801
EN bootloader NULL "C:/Documents and Settings/lester/Escritorio/OOOOOOO/memor_work/bootloader.vhd" sub00/vhpl10 1701493812
AR edgedetector arch "C:/Documents and Settings/lester/Escritorio/OOOOOOO/memor_work/EdgeDetector.vhd" sub00/vhpl01 1701493802
EN mc8051_siu NULL "C:/Documents and Settings/lester/Escritorio/OOOOOOO/memor_work/Puerto_serie.vhd" sub00/vhpl07 1701493810
EN mem_work NULL "C:/Documents and Settings/lester/Escritorio/OOOOOOO/memor_work/mem_work.vhd" sub00/vhpl08 1701493808
AR boot arch "C:/Documents and Settings/lester/Escritorio/OOOOOOO/memor_work/boot.vhd" sub00/vhpl03 1701493804
EN ram NULL "C:/Documents and Settings/lester/Escritorio/OOOOOOO/memor_work/ipcore_dir/ram.vhd" sub00/vhpl04 1701493805
AR mc8051_siu rtl "C:/Documents and Settings/lester/Escritorio/OOOOOOO/memor_work/Puerto_serie.vhd" sub00/vhpl12 1701493811
