AR mc8051_tmrctr rtl "C:/Documents and Settings/lester/Escritorio/OOOOOOO/memor_work/timer.vhd" sub00/vhpl13 1701562888
AR ram ram_a "C:/Documents and Settings/lester/Escritorio/OOOOOOO/memor_work/ipcore_dir/ram.vhd" sub00/vhpl05 1701562878
AR bootloader behavioral "C:/Documents and Settings/lester/Escritorio/OOOOOOO/memor_work/bootloader.vhd" sub00/vhpl11 1701562884
EN boot NULL "C:/Documents and Settings/lester/Escritorio/OOOOOOO/memor_work/boot.vhd" sub00/vhpl02 1701562875
EN mc8051_tmrctr NULL "C:/Documents and Settings/lester/Escritorio/OOOOOOO/memor_work/timer.vhd" sub00/vhpl06 1701562887
AR mem_work behavioral "C:/Documents and Settings/lester/Escritorio/OOOOOOO/memor_work/mem_work.vhd" sub00/vhpl09 1701562882
EN edgedetector NULL "C:/Documents and Settings/lester/Escritorio/OOOOOOO/memor_work/EdgeDetector.vhd" sub00/vhpl00 1701562873
EN bootloader NULL "C:/Documents and Settings/lester/Escritorio/OOOOOOO/memor_work/bootloader.vhd" sub00/vhpl10 1701562883
AR edgedetector arch "C:/Documents and Settings/lester/Escritorio/OOOOOOO/memor_work/EdgeDetector.vhd" sub00/vhpl01 1701562874
EN mc8051_siu NULL "C:/Documents and Settings/lester/Escritorio/OOOOOOO/memor_work/Puerto_serie.vhd" sub00/vhpl07 1701562885
EN mem_work NULL "C:/Documents and Settings/lester/Escritorio/OOOOOOO/memor_work/mem_work.vhd" sub00/vhpl08 1701562881
AR boot arch "C:/Documents and Settings/lester/Escritorio/OOOOOOO/memor_work/boot.vhd" sub00/vhpl03 1701562876
EN ram NULL "C:/Documents and Settings/lester/Escritorio/OOOOOOO/memor_work/ipcore_dir/ram.vhd" sub00/vhpl04 1701562877
AR mc8051_siu rtl "C:/Documents and Settings/lester/Escritorio/OOOOOOO/memor_work/Puerto_serie.vhd" sub00/vhpl12 1701562886
