V3 15
FL "C:/Documents and Settings/lester/Escritorio/OOOOOOO/memor_work/boot.vhd" 2023/11/28.08:04:29 M.81d
EN work/boot 1701230707 \
      FL "C:/Documents and Settings/lester/Escritorio/OOOOOOO/memor_work/boot.vhd" \
      PB ieee/std_logic_1164 1290154108 PB ieee/NUMERIC_STD 1290154109
AR work/boot/arch 1701230708 \
      FL "C:/Documents and Settings/lester/Escritorio/OOOOOOO/memor_work/boot.vhd" \
      EN work/boot 1701230707 CP EdgeDetector
FL "C:/Documents and Settings/lester/Escritorio/OOOOOOO/memor_work/EdgeDetector.vhd" 2023/11/26.18:31:01 M.81d
EN work/EdgeDetector 1701230705 \
      FL "C:/Documents and Settings/lester/Escritorio/OOOOOOO/memor_work/EdgeDetector.vhd" \
      PB ieee/std_logic_1164 1290154108
AR work/EdgeDetector/Arch 1701230706 \
      FL "C:/Documents and Settings/lester/Escritorio/OOOOOOO/memor_work/EdgeDetector.vhd" \
      EN work/EdgeDetector 1701230705
FL "C:/Documents and Settings/lester/Escritorio/OOOOOOO/memor_work/ipcore_dir/ram.vhd" 2023/11/29.01:33:26 M.81d
EN work/ram 1701230709 \
      FL "C:/Documents and Settings/lester/Escritorio/OOOOOOO/memor_work/ipcore_dir/ram.vhd" \
      PB ieee/std_logic_1164 1290154108
AR work/ram/ram_a 1701230710 \
      FL "C:/Documents and Settings/lester/Escritorio/OOOOOOO/memor_work/ipcore_dir/ram.vhd" \
      EN work/ram 1701230709
FL "C:/Documents and Settings/lester/Escritorio/OOOOOOO/memor_work/mem_work.vhd" 2023/11/29.05:05:02 M.81d
EN work/mem_work 1701230711 \
      FL "C:/Documents and Settings/lester/Escritorio/OOOOOOO/memor_work/mem_work.vhd" \
      PB ieee/std_logic_1164 1290154108 PB ieee/NUMERIC_STD 1290154109
AR work/mem_work/Behavioral 1701230712 \
      FL "C:/Documents and Settings/lester/Escritorio/OOOOOOO/memor_work/mem_work.vhd" \
      EN work/mem_work 1701230711 CP boot CP ram
